Map {
  'en_joke' => Map {
    'joke' => [ 'joke',
      'jokes',
      'joking',
      'anecdote',
      'humor',
      'humour',
      'gag',
      'gags',
      'humorist',
      'comical',
      'humourous',
      'comedic',
      'comedian',
      'entertaining',
      'humorous',
      'amusing',
      'comedy',
      'prank',
      'pranks' ] },
  'en_movies' => Map {
    'movies' => [ 'movies', 'film', 'films', 'DVD', 'movie', 'cinema' ] },
  'en_question' => Map {
    'question' => [ 'enquires',
      'inquires',
      'enquiries',
      'inquiries',
      'enquiry',
      'questions',
      'inquiry' ] },
  'en_quantity' => Map { 'number' => [ 'number', 'quantity' ] },
  'en_user' => Map {
    'angry' => [ 'infuriated',
      'irritated',
      'disgusted',
      'angered',
      'furious',
      'outraged',
      'upset',
      'annoyed',
      'enraged',
      'mad',
      'angry' ] },
  'en_animals' => Map { 'pet' => [ 'pet', 'cat', 'dog', 'cats', 'dogs', 'pets' ] },
  'en_country_code' => Map {
    'st' => [ 'Sao Tome and Principe',
      'Saint Thomas and Prince',
      'Democratic Republic of São Tomé and Príncipe',
      'República Democrática de São Tomé e Príncipe',
      'São Tomé e Príncipe' ],
    'in' => [ 'India',
      'Bhārat',
      'Republic of India',
      'Bhārat Gaṇarājya',
      'Índia',
      'República da Índia' ],
    'im' => [ 'Isle of Man', 'Mann', 'Mannin', 'Ellan Vannin', 'Ilha de Man' ],
    'il' => [ 'Israel',
      'State of Israel',
      'Estado de Israel',
      'Medīnat Yisrā\'el',
      'Dawlat Isrā\'īl' ],
    'ie' => [ 'Ireland',
      'Éire',
      'Airlann',
      'Ilha da Irlanda',
      'Irlanda',
      'Ilha Esmeralda',
      'Emerald Isle' ],
    'id' => [ 'Indonesia',
      'Republic of Indonesia',
      'Republik Indonesia',
      'Indonésia',
      'República da Indonésia' ],
    'hu' => [ 'Hungary', 'Magyarország', 'Hungria' ],
    'ht' => [ 'Haiti',
      'Haïti',
      'Ayiti',
      'Republic of Haiti',
      'République d\'Haïti',
      'Repiblik D Ayiti',
      'Hayti',
      'República do Haiti' ],
    'hr' => [ 'Croatia',
      'Hrvatska',
      'Republic of Croatia',
      'Republika Hrvatska',
      'Croácia',
      'República da Croácia' ],
    'hn' => [ 'Honduras',
      'Republic of Honduras',
      'República de Honduras',
      'República das Honduras' ],
    'hm' => [ 'Heard Island and McDonald Islands',
      'HIMI',
      'Ilha Heard e as Ilhas McDonald',
      'Território das Ilhas Heard e McDonald',
      'Ilhas Heard',
      'Ilhas McDonald' ],
    'hk' => [ 'Hong Kong',
      'Hong Kong Special Administrative Region',
      'HKSAR',
      'Xiānggǎng',
      'Hēunggóng' ],
    'gy' => [ 'Guyana',
      'Co-operative Republic of Guyana',
      'Guiana',
      'República Cooperativa da Guiana' ],
    'gw' => [ 'Guinea-Bissau',
      'Guiné-Bissau',
      'Republic of Guinea-Bissau',
      'República da Guiné-Bissau',
      'Guinea Bissau',
      'Guiné Bissau' ],
    'gu' => [ 'Guam', 'Guåhån', 'Guão', 'Guame' ],
    'gt' => [ 'Guatemala',
      'Republic of Guatemala',
      'República de Guatemala',
      'República da Guatemala' ],
    'gs' => [ 'South Georgia and the South Sandwich Islands',
      'SGSSI',
      'South Sandwich Islands',
      'South Georgia',
      'Ilhas Geórgia do Sul e Sandwich do Sul',
      'Ilhas Geórgia do Sul e Sanduíche do Sul',
      'Ilhas Geórgias do Sul e Sandwich do Sul',
      'Ilhas Sandwich do Sul',
      'Sandwich do Sul',
      'Geórgia do Sul' ],
    'gr' => [ 'Greece',
      'Hellenic Republic',
      'Hellas',
      'Ellinikí Dimokratía',
      'Grécia',
      'Elláda',
      'República Helênica',
      'República Helénica',
      'Hélade' ],
    'gq' => [ 'Equatorial Guinea',
      'Guinea Ecuatorial',
      'Guinée équatoriale',
      'Guiné Equatorial',
      'Republic of Equatorial Guinea',
      'República de Guinea Ecuatorial',
      'République de Guinée équatoriale',
      'República da Guiné Equatorial' ],
    'gp' => [ 'Guadeloupe', 'Gwadloup', 'Guadalupe' ],
    'gn' => [ 'Guinea',
      'Republic of Guinea',
      'République de Guinée',
      'Guinée française',
      'French Guinea',
      'Guinea-Conakry',
      'Renndaandi Ginea' ],
    'gm' => [ 'Gambia',
      'Kambiya',
      'Gámbi',
      'Republic of The Gambia',
      'Gâmbia',
      'República da Gâmbia' ],
    'gl' => [ 'Greenland',
      'Kalaallit Nunaat',
      'Grønland',
      'Groenlândia',
      'Groelândia',
      'Gronelândia' ],
    'gi' => [ 'Gibraltar' ],
    'gh' => [ 'Ghana', 'Republic of Ghana', 'Gana', 'República do Gana' ],
    'gg' => [ 'Guernsey',
      'Guernési',
      'Guernesey',
      'Guérnesei',
      'Guernesei',
      'Bailiado de Guernsey',
      'Bailiwick of Guernsey',
      'Bailliage de Guernesey' ],
    'gf' => [ 'French Guiana',
      'Guyane',
      'Department of French Guiana',
      'Guiana Francesa',
      'Guyane française' ],
    'ge' => [ 'República da Geórgia',
      'Georgia',
      'Sakartvelo',
      'Republic of Georgia',
      'sakartvelos resp\'ublik\'a',
      'Geórgia' ],
    'gd' => [ 'Grenada',
      'Gwenad',
      'Granada',
      'La Grenade',
      'Ilha das Especiarias',
      'Island of Spice' ],
    'ga' => [ 'Gabon',
      'Gabonese Republic',
      'République gabonaise',
      'Gabão',
      'República Gabonesa' ],
    'fr' => [ 'France',
      'French Republic',
      'République française',
      'França',
      'República Francesa' ],
    'fo' => [ 'Faroe Islands',
      'Føroyar',
      'Færøerne',
      'Ilhas Feroe',
      'Ilhas Féroe',
      'Ilhas Faroé',
      'Ilhas Faroés',
      'Færeyjar' ],
    'fm' => [ 'Federated States of Micronesia',
      'FSM',
      'Micronesia',
      'Estados Federados da Micronésia',
      'EFM',
      'Micronésia' ],
    'fk' => [ 'Falkland Islands (Malvinas)',
      'Malvinas',
      'Falkland',
      'Ilhas Malvinas',
      'Islas Malvinas',
      'Ilhas Falkland',
      'Falklands' ],
    'fj' => [ 'Fiji',
      'Republic of Fiji',
      'Matanitu Tugalala o Viti',
      'República das Fíji',
      'República das Fiji',
      'Fíji',
      'República das Fidji',
      'Fidji',
      'República das Ilhas Fiji' ],
    'fi' => [ 'Finland',
      'Suomi',
      'Republic of Finland',
      'Suomen tasavalta',
      'Republiken Finland',
      'Finlândia',
      'República da Finlândia' ],
    'et' => [ 'Ethiopia',
      'Itiyoophiyaa',
      'Itoophiyaa',
      'Itoobiya',
      'Federal Democratic Republic of Ethiopia',
      'ityoppiah federalih demokrasih ummuno',
      'Rippabliikii Federaalawaa Dimokraatawaa Itiyoophiyaa',
      'Jamhuuriyadda Dimuqraadiga Federaalka Itoobiya',
      'Etiópia',
      'República Democrática Federal da Etiópia' ],
    'es' => [ 'Spain',
      'España',
      'Kingdom of Spain',
      'Reino de España',
      'Regne d\'Espanya',
      'Espainiako Erresuma',
      'Reiaume d\'Espanha',
      'Espanha',
      'Reino da Espanha',
      'Reino de Espanha' ],
    'er' => [ 'Hagere Ertra',
      'Dawlat Iritriyá',
      'Eritrea',
      'State of Eritrea',
      'Eritreia',
      'Ertrā',
      'Estado da Eritreia' ],
    'eh' => [ 'Western Sahara',
      'Taneẓroft Tutrimt',
      'Sahara Occidental',
      'Saara Ocidental',
      'Sara Ocidental',
      'Sáara Ocidental',
      'Aṣ-Ṣaḥrā’ al-Gharbīyah' ],
    'eg' => [ 'Egypt',
      'Arab Republic of Egypt',
      'Egito',
      'Egipto',
      'República Árabe do Egito',
      'República Árabe do Egipto' ],
    'ee' => [ 'Estonia',
      'Eesti',
      'Republic of Estonia',
      'Eesti Vabariik',
      'Estónia',
      'Estônia',
      'República da Estónia',
      'República da Estônia' ],
    'ec' => [ 'Ecuador',
      'Ikwayur',
      'Ekuatur',
      'Republic of Ecuador',
      'República del Ecuador',
      'Republic of the Equator',
      'Ikwadur Ripuwlika',
      'Ekuatur Nunka',
      'Ikwayur Runaq Imayka',
      'Equador',
      'República do Equador' ],
    'dz' => [ 'Algeria',
      'Democratic Republic of Algeria',
      'Republic of Algeria',
      'Argélia',
      'Republica da Argélia',
      'Republica Democrática da Argélia' ],
    'do' => [ 'Dominican Republic', 'República Dominicana' ],
    'dm' => [ 'Dominica',
      'Dominique',
      'Commonwealth of Dominica',
      'Domínica',
      'Comunidade da Dominica' ],
    'dk' => [ 'Denmark',
      'Danmark',
      'Kingdom of Denmark',
      'Kongeriget Danmark',
      'Dinamarca',
      'Reino da Dinamarca' ],
    'dj' => [ 'Djibouti',
      'Yibuuti',
      'Jībūtī',
      'Jabuuti',
      'Republic of Djibouti',
      'République de Djibouti',
      'Jamhuuriyadda Jabuuti',
      'Gabuutih Ummuuno',
      'Djibuti',
      'Jibuti',
      'República do Djibuti' ],
    'de' => [ 'Germany',
      'Deutschland',
      'Federal Republic of Germany',
      'Bundesrepublik Deutschland',
      'Alemanha',
      'República Federal da Alemanha',
      'República Federal da Alemã' ],
    'cz' => [ 'Czech Republic',
      'Česká republika',
      'Czechia',
      'Česko',
      'Chéquia',
      'Tchéquia',
      'República Checa',
      'República Tcheca' ],
    'cy' => [ 'Cyprus',
      'Κύπρος',
      'Kıbrıs',
      'Republic of Cyprus',
      'Κυπριακή Δημοκρατία',
      'Cypriot Republic',
      'Kıbrıs Cumhuriyeti',
      'Chipre',
      'Kýpros',
      'República de Chipre',
      'Kypriakí Dimokratía' ],
    'cx' => [ 'Christmas Island',
      'Territory of Christmas Island',
      'Ilha Christmas',
      'Ilha do Natal',
      'Ilha Natal',
      'Território da Ilha Christmas',
      'Território da Ilha do Natal',
      'Território da Ilha Natal' ],
    'cw' => [ 'Curaçao',
      'Kòrsou',
      'Land Curaçao',
      'Pais Kòrsou',
      'Island Territory of Curaçao',
      'Eilandgebied Curaçao',
      'Teritorio Insular di Kòrsou',
      'Country of Curaçao',
      'Curaçau' ],
    'cu' => [ 'Cuba', 'Republic of Cuba', 'República de Cuba' ],
    'cr' => [ 'Costa Rica',
      'Republic of Costa Rica',
      'República de Costa Rica',
      'República da Costa Rica' ],
    'co' => [ 'Colombia',
      'Republic of Colombia',
      'República de Colombia',
      'Colômbia',
      'República da Colômbia' ],
    'cn' => [ 'China',
      'People\'s Republic of China',
      'PRC',
      'Zhōnghuá Rénmín Gònghéguó',
      'República Popular da China',
      'RPC' ],
    'cm' => [ 'Cameroon',
      'Cameroun',
      'Republic of Cameroon',
      'République du Cameroun',
      'Renndaandi Kamerun',
      'Camarões',
      'República dos Camarões',
      'República do Cameroun' ],
    'cl' => [ 'Chile',
      'Republic of Chile',
      'República de Chile',
      'Chile Wüdalmapu',
      'Chili Suyu',
      'Chili Ripuwlika',
      'Repūvirika o Tire' ],
    'ck' => [ 'Cook Islands', 'Kūki \'Āirani', 'Ilhas Cook' ],
    'ci' => [ 'Côte d\'Ivoire',
      'Ivory Coast',
      'The Ivory Coast',
      'Republic of Côte d\'Ivoire',
      'République de Côte d\'Ivoire',
      'Costa do Marfim',
      'República da Costa do Marfim' ],
    'ch' => [ 'Switzerland',
      'Swiss Confederation',
      'Schweizerische Eidgenossenschaft',
      'Confédération suisse',
      'Confederazione Svizzera',
      'Confederaziun svizra',
      'Confoederatio Helvetica',
      'Suíça',
      'Schweiz',
      'Schwyz',
      'Schwiiz',
      'Suisse',
      'Svizzera',
      'Svizra',
      'Confederação Suíça' ],
    'cg' => [ 'Congo',
      'République du Congo',
      'Repubilika ya Kôngo',
      'Republíki ya Kongó',
      'Congo-Brazzaville',
      'Congo Brazzaville',
      'Congo Republic',
      'RotC' ],
    'cf' => [ 'Central African Republic',
      'République centrafricaine',
      'Ködörösêse tî Bêafrîka',
      'CAR',
      'República Centro-Africana',
      'República da África-Central',
      'República da África Central',
      'República Centro Africana' ],
    'cd' => [ 'The Democratic Republic of the Congo',
      'Democratic Republic of the Congo',
      'République démocratique du Congo',
      'DR Congo',
      'DRC',
      'DROC',
      'Congo-Kinshasa',
      'Repubilika ya Kôngo ya Dimokalasi',
      'Republíki ya Kongó Demokratíki',
      'Jamhuri ya Kidemokrasia ya Kongo',
      'Ditunga dia Kongu wa Mungalaata',
      'República Democrática do Congo',
      'RDC',
      'RD Congo',
      'Congo R.D.',
      'Congo-Quinxassa' ],
    'cc' => [ 'Cocos (Keeling) Islands',
      'Cocos Keeling Islands',
      'Territory of Cocos (Keeling) Islands',
      'Territory of Cocos Keeling Islands',
      'Pulu Kokos (Keeling)',
      'Wilayah Kepulauan Cocos (Keeling)',
      'Keeling Islands',
      'Ilhas Keeling',
      'Ilhas Cocos (Keeling)',
      'Ilhas Cocos Keeling',
      'Pulu Kokos Keeling' ],
    'ca' => [ 'Canada', 'Canadá' ],
    'bz' => [ 'Belize' ],
    'by' => [ 'Belarus',
      'Republic of Belarus',
      'Belorussia',
      'Byelorussia',
      'Bielorrússia',
      'República da Belarus',
      'República da Bielorrússia' ],
    'bw' => [ 'Botswana',
      'Republic of Botswana',
      'Lefatshe la Botswana',
      'Botsuana',
      'República do Botswana',
      'República do Botsuana' ],
    'bv' => [ 'Bouvet Island', 'Bouvetøya', 'Bouvet-øya', 'Ilha Bouvet' ],
    'bt' => [ 'Bhutan',
      'Kingdom of Bhutan',
      'Druk Gyal Khap',
      'Butão',
      'Reino do Butão' ],
    'bs' => [ 'Bahamas',
      'Commonwealth of The Bahamas',
      'Baamas',
      'Comunidade das Bahamas' ],
    'br' => [ 'Brazil',
      'Brasil',
      'Federative Republic of Brazil',
      'República Federativa do Brasil',
      'República Federal do Brasil' ],
    'bq' => [ 'Bonaire, Sint Eustatius and Saba',
      'Bonaire',
      'Sint Eustatius',
      'Saba',
      'Caribbean Netherlands',
      'Caribisch Nederland',
      'BES Islands',
      'Países Baixos Caribenhos',
      'Caraíbas Neerlandesas',
      'Santo Eustáquio' ],
    'bo' => [ 'Plurinational State of Bolivia',
      'Bolivia',
      'Estado Plurinacional de Bolivia',
      'Bolívia' ],
    'bn' => [ 'Brunei Darussalam',
      'Brunei',
      'Nation of Brunei',
      'Negara Brunei Darussalam',
      'Nation of Brunei, the Abode of Peace' ],
    'bm' => [ 'Bermuda', 'Islands of Bermuda', 'Ilhas Bermudas', 'Bermudas' ],
    'bl' => [ 'Saint Barthélemy',
      'Saint-Barthélemy',
      'Collectivité territoriale de Saint-Barthélemy',
      'St-Barth',
      'St. Barths',
      'St. Barts',
      'São Bartolomeu',
      'Coletividade de São Bartolomeu' ],
    'bj' => [ 'Benin',
      'Republic of Benin',
      'République du Bénin',
      'Bénin',
      'Benim',
      'República do Benim' ],
    'bi' => [ 'Burundi',
      'Republic of Burundi',
      'Republika y\'Uburundi',
      'République du Burundi',
      'Burúndi',
      'República do Burúndi' ],
    'bh' => [ 'Bahrain',
      'Al-Baḥrayn',
      'Kingdom of Bahrain',
      'Bahrein',
      'Barém',
      'Barein',
      'Bareine',
      'Reino do Bahrein',
      'Reino do Bahrain',
      'Reino do Barém',
      'Reino do Barein',
      'Reino do Bareine' ],
    'bg' => [ 'Bulgaria',
      'Balgariya',
      'Republic of Bulgaria',
      'Republika Balgariya',
      'Bulgária',
      'República da Bulgária',
      'Republika Bǎlgarija' ],
    'bf' => [ 'Burkina Faso',
      'Republic of Burkina Faso',
      'Burquina Faso',
      'Burquina Fasso',
      'Burquina' ],
    'be' => [ 'Belgium',
      'Kingdom of Belgium',
      'Königreich Belgien',
      'Royaume de Belgique',
      'Koninkrijk België',
      'Reino da Bélgica',
      'Bélgica',
      'België',
      'Belgique',
      'Belgien' ],
    'bd' => [ 'Bangladesh',
      'country of Bengal',
      'People\'s Republic of Bangladesh',
      'Bangladexe',
      'Bangladeche',
      'Nação Bengali',
      'República Popular do Bangladesh' ],
    'bb' => [ 'Barbados' ],
    'ba' => [ 'Bosnia and Herzegovina',
      'BiH',
      'B&H',
      'Bosnia–Herzegovina',
      'Bosnia',
      'Bosna i Hercegovina',
      'Bósnia e Herzegovina',
      'Bósnia' ],
    'az' => [ 'Azerbaijan',
      'Republic of Azerbaijan',
      'Azerbaijão',
      'República do Azerbaijão' ],
    'tt' => [ 'Trinidad and Tobago',
      'Republic of Trinidad and Tobago',
      'Trinidad',
      'Tobago',
      'Trindade e Tobago',
      'Trinidade e Tobago',
      'Trinidad e Tobago',
      'República de Trindade e Tobago',
      'Trinidade' ],
    'ax' => [ 'Åland Islands',
      'Åland',
      'Fasta Åland',
      'Ilhas Åland',
      'Ilhas de Aland',
      'Alanda',
      'Ahvenanmaa',
      'Arquipélago da Åland',
      'Arquipélago da Aland',
      'Alandia' ],
    'aw' => [ 'Aruba' ],
    'au' => [ 'Australia',
      'Commonwealth of Australia',
      'Austrália',
      'Comunidade da Austrália' ],
    'at' => [ 'Austria',
      'Republic of Austria',
      'Österreich',
      'Republik Österreich',
      'Áustria',
      'República da Áustria' ],
    'as' => [ 'American Samoa',
      'Samoa Americana',
      'Amerika Sāmoa',
      'Amelika Sāmoa',
      'Sāmoa Amelika',
      'Tutuila' ],
    'ar' => [ 'Argentina',
      'Argentine Republic',
      'República Argentina',
      'República da Argentina',
      'Republic of Argentina' ],
    'aq' => [ 'Antarctica', 'Antártida', 'Antártica' ],
    'gb' => [ 'Inglaterra',
      'United Kingdom',
      'United Kingdom of Great Britain and Northern Ireland',
      'UK',
      'U.K.',
      'Britain',
      'Great Britain',
      'Northern Ireland',
      'Reino Unido',
      'Reino Unido da Grã-Bretanha e Irlanda do Norte',
      'Grã-Bretanha',
      'Irlanda do Norte',
      'England' ],
    'cv' => [ 'Cape Verde',
      'Cabo Verde',
      'Republic of Cabo Verde',
      'República de Cabo Verde',
      'Repúblika di Kabu Verdi' ],
    'ao' => [ 'Angola', 'Republic of Angola', 'República de Angola' ],
    'am' => [ 'Armenia',
      'Republic of Armenia',
      'Arménia',
      'Armênia',
      'República da Arménia' ],
    'al' => [ 'Albania',
      'Republic of Albania',
      'Albânia',
      'Republica da Albânia' ],
    'ai' => [ 'Anguilla', 'Island of Anguilla', 'Anguila' ],
    'ag' => [ 'Antigua and Barbuda',
      'Antigua',
      'Barbuda',
      'Antígua e Barbuda',
      'Antiga e Barbuda',
      'Antígua' ],
    'af' => [ 'Afghanistan',
      'Islamic Republic of Afghanistan',
      'Republic of Afghanistan',
      'República Islâmica do Afeganistão',
      'Afeganistão',
      'Republica do Afeganistão' ],
    'ae' => [ 'United Arab Emirates',
      'al-ʾImārāt al-ʿArabīyyah al-Muttaḥidah',
      'Emirates',
      'UAE',
      'Emirados Árabes Unidos',
      'EAU',
      'Dawlat al-Imārāt al-‘Arabīyah al-Muttaḥidah' ],
    'ad' => [ 'Andorra',
      'Principality of Andorra',
      'Principat d\'Andorra',
      'Principality of the Valleys of Andorra',
      'Principat de les Valls d\'Andorra',
      'Principado de Andorra',
      'Principado dos Vales de Andorra' ],
    'zw' => [ 'Zimbabwe',
      'Republic of Zimbabwe',
      'Rhodesia',
      'Nyika yeZimbabwe',
      'Ilizwe leZimbabwe',
      'Dziko la Zimbabwe',
      'Hango yeZimbabwe',
      'Zimbabwe Nù',
      'Inyika yeZimbabwe',
      'Tiko ra Zimbabwe',
      'Naha ya Zimbabwe',
      'Cisi ca Zimbabwe',
      'Shango ḽa Zimbabwe',
      'Zimbábue',
      'Zimbabué',
      'Zimbaué',
      'República do Zimbabwe' ],
    'zm' => [ 'Zambia',
      'Republic of Zambia',
      'Dziko la Zambia',
      'Cisi ca Zambia',
      'Zâmbia',
      'República da Zâmbia' ],
    'za' => [ 'South Africa',
      'Republic of South Africa',
      'RSA',
      'Republiek van Suid-Afrika',
      'iRiphabhuliki yaseNingizimu Afrika',
      'iRiphabliki yomZantsi Afrika',
      'Repabliki ya Afrika-Borwa',
      'Rephaboliki ya Aforika Borwa',
      'Rephaboliki ya Afrika Borwa',
      'Riphabliki ya Afrika Dzonga',
      'iRiphabhulikhi yeNingizimu Afrika',
      'Riphabuḽiki ya Afurika Tshipembe',
      'iRiphabliki yeSewula Afrika',
      'África do Sul',
      'República da África do Sul' ],
    'yt' => [ 'Mayotte',
      'Maore',
      'Mahori',
      'Department of Mayotte',
      'Département de Mayotte',
      'Maiote',
      'Departamento de Maiote' ],
    'ye' => [ 'Yemen',
      'al-Jumhūrīyah al-Yamanīyah',
      'Yaman',
      'Republic of Yemen',
      'al-Yama',
      'Iémen',
      'Iêmen',
      'República do Iémen',
      'República do Iêmen' ],
    'ws' => [ 'Samoa',
      'Independent State of Samoa',
      'Malo Saʻoloto Tutoʻatasi o Sāmoa',
      'Sāmoa',
      'Western Samoa',
      'Estado Independente de Samoa',
      'Estado Independente da Samoa',
      'Samoa Ocidental' ],
    'wf' => [ 'Wallis and Futuna',
      'Territory of the Wallis and Futuna Islands',
      'Wallis-et-Futuna',
      'Territoire des îles Wallis-et-Futuna',
      'Uvea mo Futuna',
      'Wallis e Futuna',
      'Território das Ilhas Wallis e Futuna' ],
    'vu' => [ 'Vanuatu',
      'Republic of Vanuatu',
      'Ripablik blong Vanuatu',
      'République de Vanuatu',
      'Gloriosa República de Vanuatu',
      'República de Vanuatu' ],
    'vn' => [ 'Viet Nam',
      'Vietnam',
      'Socialist Republic of Vietnam',
      'Vietname',
      'Vietnã',
      'República Socialista do Vietnã',
      'República Socialista do Vietname' ],
    'vi' => [ 'U.S. Virgin Islands',
      'Ilhas Virgens Americanas',
      'Ilhas Virgens dos Estados Unidos',
      'United States Virgin Islands',
      'USVI',
      'American Virgin Islands',
      'Virgin Islands of the United States' ],
    'vg' => [ 'British Virgin Islands', 'BVI', 'Ilhas Virgens Britânicas' ],
    've' => [ 'Bolivarian Republic of Venezuela',
      'Venezuela',
      'República Bolivariana de Venezuela',
      'República Bolivariana da Venezuela' ],
    'vc' => [ 'Saint Vincent and the Grenadines',
      'Saint Vincent',
      'São Vicente e Granadinas',
      'São Vicente' ],
    'va' => [ 'Holy See (Vatican City State)',
      'Sancta Sedes',
      'Santa Sede',
      'See of Rome',
      'Santa Sé',
      'Santa Sé Apostólica',
      'Sé Apostólica',
      'Cidade-Estado do Vaticano',
      'Vaticano',
      'Cidade do Vaticano',
      'Estado da Cidade do Vaticano',
      'Stato della Città del Vaticano',
      'Civitas Vaticana',
      'Status Civitatis Vaticanæ' ],
    'uz' => [ 'Uzbekistan',
      'Oʻzbekiston',
      'Republic of Uzbekistan',
      'Oʻzbekiston Respublikasi',
      'Uzbequistão',
      'Usbequistão',
      'República do Uzbequistão' ],
    'uy' => [ 'Uruguay',
      'Oriental Republic of Uruguay',
      'República Oriental del Uruguay',
      'República Oriental do Uruguai',
      'Uruguai' ],
    'um' => [ 'United States Minor Outlying Islands',
      'Baker Island',
      'Howland Island',
      'Jarvis Island',
      'Johnston Atoll',
      'Kingman Reef',
      'Midway Atoll',
      'Palmyra Atoll',
      'Wake Island',
      'Navassa Island',
      'Ilha Baker',
      'Ilha Howland',
      'Ilha Jarvis',
      'Atol Johnston',
      'Recife Kingman',
      'Atol Midway',
      'Ilha Navassa',
      'Atol Palmyra',
      'Ilha Wake',
      'Ilhas Menores Distantes dos Estados Unidos',
      'Ilhas Menores Afastadas dos Estados Unidos' ],
    'ug' => [ 'Uganda',
      'Republic of Uganda',
      'Jamhuri ya Uganda',
      'Eggwanga Yuganda',
      'República de Uganda',
      'República do Uganda' ],
    'ua' => [ 'Ukraine', 'Ukrayina', 'Ucrânia' ],
    'us' => [ 'United States',
      'United States of America',
      'USA',
      'U.S.',
      'US',
      'America',
      'Estados Unidos da América',
      'Estados Unidos',
      'EUA' ],
    'tz' => [ 'United Republic of Tanzania',
      'Tanzania',
      'Jamhuri ya Muungano wa Tanzania',
      'Tanzânia',
      'República Unida da Tanzânia' ],
    'tw' => [ 'Taiwan, Province of China',
      'Taiwan Province',
      'Taiwan Region',
      'Taiwan Area',
      'Taiwan',
      'Taiwan, China',
      'Província de Taiwan',
      'Táiwān shěng' ],
    'tv' => [ 'Tuvalu', 'Ellice Islands', 'Ilhas Ellice' ],
    'tr' => [ 'Turkey',
      'Türkiye',
      'Republic of Turkey',
      'Türkiye Cumhuriyeti',
      'Turquia',
      'República da Turquia' ],
    'to' => [ 'Tonga',
      'Kingdom of Tonga',
      'Puleʻanga Fakatuʻi ʻo Tonga',
      'Reino de Tonga' ],
    'tn' => [ 'Tunisia',
      'Republic of Tunisia',
      'al-Jumhūrīyah at-Tūnisīyah',
      'République tunisienne',
      'Tunísia',
      'Tūnis',
      'Tunisie',
      'República Tunisina' ],
    'tm' => [ 'Turkmenistan',
      'Türkmenistan',
      'Republic of Turkmenistan',
      'Türkmenistan Respublikasy',
      'Turquemenistão',
      'Turcomenistão',
      'Turcomênia',
      'República do Turcomenistão' ],
    'tl' => [ 'Timor-Leste',
      'República Democrática de Timor-Leste',
      'Timor Leste',
      'Timor Lorosa\'e',
      'Repúblika Demokrátika Timór-Leste',
      'Democratic Republic of Timor-Leste',
      'East Timor' ],
    'tk' => [ 'Tokelau', 'Union Islands', 'Tokelau Islands', 'Toquelau' ],
    'tj' => [ 'Tajikistan',
      'Republic of Tajikistan',
      'Jumhurii Tojikiston',
      'Tajiquistão',
      'Tadjiquistão',
      'Tojikiston',
      'República do Tajiquistão' ],
    'th' => [ 'Thailand',
      'Kingdom of Thailand',
      'Siam',
      'Ratcha-anachak Thai',
      'Tailândia',
      'Reino da Tailândia',
      'Sião' ],
    'tg' => [ 'Togo',
      'Togolese Republic',
      'République togolaise',
      'República Togolesa' ],
    'tf' => [ 'Territoire d\'outre-mer',
      'TOM',
      'French Southern Lands',
      'Terres australes françaises',
      'French Southern Territories',
      'French Southern and Antarctic Lands',
      'Terres australes et antarctiques françaises',
      'TAAF' ],
    'td' => [ 'Chad',
      'Tshād',
      'Republic of Chad',
      'République du Tchad',
      'Jumhūriyyat Tshād',
      'Chade',
      'Tchade',
      'Tchad',
      'República do Chade' ],
    'tc' => [ 'Turks and Caicos Islands',
      'TCI',
      'Caicos Islands',
      'Turks Islands',
      'Turks',
      'Caicos',
      'Turks and Caicos',
      'Ilhas Turcas e Caicos',
      'Turcas e Caicos',
      'Turcas' ],
    'sz' => [ 'Swaziland',
      'Eswatini',
      'Kingdom of Eswatini',
      'Umbuso weSwatini',
      'Essuatíni',
      'Reino de Essuatíni' ],
    'sy' => [ 'Syrian Arab Republic',
      'Syria',
      'Sūriyā',
      'al-Jumhūrīyah al-ʻArabīyah as-Sūrīyah',
      'Síria',
      'República Árabe Síria' ],
    'sx' => [ 'Sint Maarten (Dutch part)',
      'São Martinho paises baixos',
      'Sint Maarten' ],
    'sv' => [ 'El Salvador',
      'Republic of El Salvador',
      'República de El Salvador',
      'Salvador',
      'República do Salvador' ],
    'ss' => [ 'South Sudan',
      'Republic of South Sudan',
      'Paguot Thudä',
      'Sudão do Sul',
      'Sudão Meridional',
      'República do Sudão do Sul' ],
    'sr' => [ 'Suriname',
      'Surinam',
      'Republic of Suriname',
      'Republiek Suriname',
      'República do Suriname' ],
    'so' => [ 'Somalia',
      'Soomaaliya',
      'aṣ-Ṣūmāl',
      'Federal Republic of Somalia',
      'Jamhuuriyadda Federaalka Soomaaliya',
      'Jumhūrīyat aṣ-Ṣūmāl al-Itihadiya',
      'Somália',
      'República Federal da Somália' ],
    'sn' => [ 'Senegal',
      'Sénégal',
      'Republic of Senegal',
      'République du Sénégal',
      'Réewum Senegaal',
      'Renndaandi Senegal',
      'República do Senegal' ],
    'sm' => [ 'San Marino',
      'Republic of San Marino',
      'Repubblica di San Marino',
      'Most Serene Republic of San Marino',
      'Serenissima Repubblica di San Marino',
      'República de San Marino',
      'Sereníssima República de San Marino',
      'São Marinho',
      'São Marino' ],
    'sl' => [ 'Sierra Leone',
      'Republic of Sierra Leone',
      'Salone',
      'Serra Leoa',
      'República da Serra Leoa' ],
    'sk' => [ 'Slovakia',
      'Slovensko',
      'Slovak Republic',
      'Slovenská republika',
      'Eslováquia',
      'República Eslovaca' ],
    'sj' => [ 'Svalbard and Jan Mayen',
      'Svalbard og Jan Mayen',
      'Svalbard and Jan Mayen Islands',
      'Svalbard e Jan Mayen',
      'Svalbard',
      'Jan Mayen' ],
    'si' => [ 'Slovenia',
      'Slovenija',
      'Republic of Slovenia',
      'Republika Slovenija',
      'Eslovénia',
      'Eslovênia',
      'República da Eslovénia',
      'República da Eslovênia' ],
    'sh' => [ 'Saint Helena, Ascension and Tristan da Cunha',
      'Saint Helena',
      'Ascension Island',
      'Tristan da Cunha',
      'Santa Helena, Ascensão e Tristão da Cunha',
      'Santa Helena',
      'Ascensão',
      'Tristão da Cunha' ],
    'sg' => [ 'Singapore',
      'Republic of Singapore',
      'Singapura',
      'Cingapura',
      'Xīnjiāpō',
      'Chiṅkappūr',
      'República de Singapura',
      'Republik Singapura' ],
    'se' => [ 'Sweden',
      'Sverige',
      'Kingdom of Sweden',
      'Konungariket Sverige',
      'Suécia',
      'Reino da Suécia' ],
    'sd' => [ 'Sudan',
      'Republic of the Sudan',
      'as-Sūdān',
      'Jumhūriyyat as-Sūdān',
      'Sudão',
      'República do Sudão' ],
    'sc' => [ 'Seychelles',
      'Republic of Seychelles',
      'République des Seychelles',
      'La Repiblik Sesel',
      'Sesel',
      'Seicheles',
      'República das Seicheles ou Seychelles',
      'República das Seychelles' ],
    'sb' => [ 'Solomon Islands', 'Islas Salomón', 'Ilhas Salomão' ],
    'sa' => [ 'Saudi Arabia',
      'Kingdom of Saudi Arabia',
      'Arábia Saudita',
      'as-Su’ūdiyya',
      'al-Mamlaka al-ʻArabiyya as-Suʻūdiyya',
      'Reino da Arábia Saudita' ],
    'rw' => [ 'Rwanda',
      'Republic of Rwanda',
      'Repubulika y\'u Rwanda',
      'République du Rwanda',
      'Jamhuri ya Rwanda',
      'u Rwanda',
      'Ruanda',
      'República de Ruanda',
      'República do Ruanda' ],
    'ru' => [ 'Russian Federation',
      'Russia',
      'Росси́я',
      'Rossiya',
      'Российская Федерация',
      'Rossiyskaya Federatsiya',
      'Rússia',
      'Federação Russa' ],
    'rs' => [ 'Serbia',
      'Србија',
      'Srbija',
      'Republic of Serbia',
      'Република Србија',
      'Republika Srbija',
      'Sérvia',
      'República da Sérvia' ],
    'ro' => [ 'Romania', 'România', 'Romênia', 'Roménia' ],
    're' => [ 'Réunion', 'La Réunion', 'Île Bourbon', 'Reunião' ],
    'qa' => [ 'Qatar',
      'State of Qatar',
      'Dawlat Qaṭar',
      'Qaṭar',
      'Catar',
      'Estado do Catar',
      'Estado do Qatar' ],
    'py' => [ 'Paraguay',
      'Republic of Paraguay',
      'República del Paraguay',
      'Tetã Paraguái',
      'Paraguái',
      'Paraguai' ],
    'pw' => [ 'Palau',
      'Belau',
      'Palaos',
      'Pelew',
      'Republic of Palau',
      'Beluu er a Belau',
      'República de Palau' ],
    'pt' => [ 'Portugal', 'Portuguese Republic', 'República Portuguesa' ],
    'ps' => [ 'State of Palestine',
      'Dawlat Filasṭīn',
      'Palestine',
      'Filasṭīn',
      'Estado da Palestina' ],
    'pr' => [ 'Puerto Rico',
      'Borinquen',
      'Porto Rico',
      'Commonwealth of Puerto Rico',
      'Estado Libre Asociado de Puerto Rico',
      'Free Associated State of Puerto Rico',
      'Estado Livre Associado de Porto Rico' ],
    'pn' => [ 'Pitcairn',
      'Pitcairn Islands',
      'Pitkern Ailen',
      'Pitcairn, Henderson, Ducie and Oeno Islands',
      'Ilhas Pitcairn',
      'Ilhas Picárnia',
      'Ilhas Pitcairn, Henderson, Ducie e Oeno',
      'Grupo de Ilhas Pitcairn' ],
    'pm' => [ 'Saint Pierre and Miquelon',
      'Saint-Pierre-et-Miquelon',
      'Overseas Collectivity of Saint Pierre and Miquelon',
      'Collectivité d\'outre-mer de Saint-Pierre-et-Miquelon',
      'São Pedro e Miquelão',
      'São Pedro e Miquelon',
      'Saint-Pierre e Miquelon',
      'Coletividade de Ultramar de São Pedro e Miquelão' ],
    'pl' => [ 'Poland',
      'Polska',
      'Republic of Poland',
      'Rzeczpospolita Polska',
      'Polônia',
      'Polónia',
      'República da Polónia' ],
    'pk' => [ 'Pakistan',
      'Islamic Republic of Pakistan',
      'Islāmī Jumhūriyah Pākistān',
      'Paquistão',
      'Pākistān',
      'Islami Jamahuriat Pakistan',
      'República Islâmica do Paquistão' ],
    'ph' => [ 'Philippines',
      'Pilipinas',
      'Filipinas',
      'Republic of the Philippines',
      'Republika ng Pilipinas',
      'República das Filipinas',
      'Repúbliká ng̃ Pilipinas' ],
    'pg' => [ 'Papua New Guinea',
      'PNG',
      'Independent State of Papua New Guinea',
      'Independen Stet bilong Papua Niugini',
      'Independen Stet bilong Papua Niu Gini',
      'Papua-Nova Guiné',
      'Papua Nova Guiné',
      'Papua Niugini',
      'Papua Niu Gini' ],
    'pf' => [ 'French Polynesia',
      'Polynésie française',
      'Pōrīnetia Farāni',
      'Polinésia Francesa' ],
    'pe' => [ 'Peru',
      'Perú',
      'Piruw Republika',
      'Republic of Peru',
      'República del Perú',
      'Piruw Suyu' ],
    'pa' => [ 'Panama',
      'Panamá',
      'Republic of Panama',
      'República de Panamá',
      'República do Panamá',
      'República del Panamá' ],
    'om' => [ 'Oman',
      'Salṭanat ʻUmān',
      'Sultanate of Oman',
      'Omã',
      'Omão',
      'Sultanato de Omã',
      'Saltānat \'Umān' ],
    'nz' => [ 'New Zealand', 'Aotearoa', 'Nova Zelândia' ],
    'nu' => [ 'Niue', 'Niuē', 'Niuê' ],
    'nr' => [ 'Nauru',
      'Republic of Nauru',
      'Repubrikin Naoero',
      'Pleasant Island',
      'República de Nauru',
      'Naoero',
      'Ilha Aprazível' ],
    'np' => [ 'Nepal',
      'Federal Democratic Republic of Nepal',
      'Saṅghīya Lokatāntrik Gaṇatantra Nepāl',
      'República Democrática Federal do Nepal' ],
    'no' => [ 'Norway',
      'Kingdom of Norway',
      'Kongeriket Norge',
      'Kongeriket Noreg',
      'Norgga gonagasriika',
      'Vuona gånågisrijkka',
      'Nöörjen gånkarijhke',
      'Norge',
      'Noreg',
      'Norga',
      'Vuodna',
      'Nöörje',
      'Noruega',
      'Reino da Noruega' ],
    'nl' => [ 'Netherlands',
      'Nederland',
      'Kingdom of the Netherlands',
      'Países Baixos',
      'Holanda',
      'Reino dos Países Baixos' ],
    'ni' => [ 'Nicaragua',
      'Republic of Nicaragua',
      'República de Nicaragua',
      'Nicarágua',
      'República da Nicarágua' ],
    'ng' => [ 'Nigeria',
      'Federal Republic of Nigeria',
      'Jamhuriyar Taraiyar Najeriya',
      'Ọ̀hàńjíkọ̀ Ọ̀hànézè Naìjíríyà',
      'Orílẹ̀-èdè Olómìniira Àpapọ̀ Nàìjíríà',
      'República Federal da Nigéria',
      'Nigéria' ],
    'nf' => [ 'Norfolk Island',
      'Norf\'k Ailen',
      'Territory of Norfolk Island',
      'Teratri a\' Norf\'k Ailen',
      'ilha Norfolk',
      'ilha Norfolque',
      'Território da Ilha Norfolk',
      'Território da Ilha Norfolque' ],
    'ne' => [ 'Niger',
      'the Niger',
      'République du Niger',
      'Republic of the Niger',
      'República do Níger',
      'Níger' ],
    'nc' => [ 'New Caledonia',
      'Nouvelle-Calédonie',
      'Nova Caledónia',
      'Nova Caledônia' ],
    'na' => [ 'Namibia',
      'Republic of Namibia',
      'Republiek van Namibië',
      'Republik Namibia',
      'Namibiab Republiki dib',
      'Orepublika yaNamibia',
      'Republika zaNamibia',
      'Rephaboliki ya Namibia',
      'Namibia ye Lukuluhile',
      'República da Namíbia' ],
    'mz' => [ 'Mozambique',
      'Republic of Mozambique',
      'Moçambique',
      'República de Moçambique',
      'Mozambiki',
      'Msumbiji',
      'Muzambhiki' ],
    'my' => [ 'Malaysia', 'Malásia' ],
    'mx' => [ 'Mexico',
      'México',
      'Mēxihco',
      'United Mexican States',
      'Estados Unidos Mexicanos',
      'EUM',
      'Mexican United States' ],
    'mw' => [ 'Nyasaland',
      'Maláui',
      'Malaui',
      'Malaŵi',
      'República do Malawi',
      'Malawi',
      'Republic of Malawi',
      'Dziko la Malaŵi',
      'Charu cha Malaŵi' ],
    'mv' => [ 'Maldives',
      'Republic of Maldives',
      'Dhivehi Raajjeyge Jumhooriyyaa',
      'Dhivehi Raajje',
      'Maldivas',
      'República das Maldivas' ],
    'mu' => [ 'Mauritius',
      'Maurice',
      'Moris',
      'Republic of Mauritius',
      'Repiblik Moris',
      'Maurícia',
      'Maurício',
      'República da Maurícia',
      'República de Maurício',
      'République de Maurice' ],
    'mt' => [ 'Malta',
      'Republic of Malta',
      'Repubblika ta\' Malta',
      'República de Malta' ],
    'ms' => [ 'Montserrat',
      'Monserrate',
      'Ilha Esmeralda das Caraíbas',
      'The Emerald Isle of the Caribbean',
      'Emerald Isle of the Caribbean' ],
    'mr' => [ 'Mauritania',
      'Mūrītānyā',
      'Mauritanie',
      'Agawej',
      'Cengit',
      'Moritani',
      'Gànnaar',
      'Murutaane',
      'Islamic Republic of Mauritania',
      'République islamique de Mauritanie',
      'al-Jumhūrīyah al-Islāmīyah al-Mūrītānīyah',
      'Mauritânia',
      'República Islâmica da Mauritânia' ],
    'mq' => [ 'Martinique', 'Matnik', 'Matinik', 'Martinica' ],
    'mp' => [ 'Northern Mariana Islands',
      'Commonwealth of the Northern Mariana Islands',
      'CNMI',
      'Sankattan Siha Na Islas Mariånas',
      'Commonwealth Téél Falúw kka Efáng llól Marianas',
      'Islas Marianas del Norte',
      'Nördliche Marianen',
      'Ilhas Marianas Setentrionais',
      'Ilhas Marianas do Norte',
      'Comunidade das Ilhas Marianas do Norte' ],
    'mo' => [ 'Região Administrativa de Macau',
      'Macao',
      'Macau',
      'Macao Special Administrative Region',
      'Jūng\'wàh Yàhnmàhn',
      'Guhng\'wòhgwok Oumún Dahkbiht Hàhngjingkēui',
      'Região Administrativa Especial de Macau' ],
    'mn' => [ 'Mongolia',
      'nação mongol',
      'mongol nation',
      'Mongol Uls',
      'Mongolian Nation' ],
    'mm' => [ 'Myanmar',
      'Burma',
      'Republic of the Union of Myanmar',
      'Pyidaunzu Thanmăda Myăma',
      'Nainngandaw',
      'Birmânia',
      'República da União de Myanmar' ],
    'ml' => [ 'Mali',
      'Republic of Mali',
      'République du Mali',
      'Mali ka Fasojamana',
      'Renndaandi Maali',
      'Máli',
      'República do Mali' ],
    'mk' => [ 'the Former Yugoslav Republic of Macedonia',
      'North Macedonia',
      'Macedonia',
      'Republic of North Macedonia',
      'Република Северна Македонија',
      'Republika e Maqedonisë së Veriut',
      'Macedônia do Norte',
      'Macedónia do Norte',
      'Severna Makedonija',
      'República da Macedônia do Norte',
      'República da Macedónia do Norte',
      'Macedônia',
      'Macedónia' ],
    'mh' => [ 'Marshall Islands',
      'Republic of the Marshall Islands',
      'Aolepān Aorōkin Ṃajeḷ',
      'Ilhas Marshall',
      'República das Ilhas Marshall' ],
    'mg' => [ 'Madagascar',
      'Madagasikara',
      'Republic of Madagascar',
      'Repoblikan\'i Madagasikara',
      'République de Madagascar',
      'Malagasy Republic',
      'Madagáscar',
      'República de Madagáscar',
      'República de Madagascar',
      'República Malgaxe' ],
    'mf' => [ 'Saint Martin (French part)',
      'Saint-Martin',
      'Sint Maarten',
      'São Martinho parte francesa',
      'São Martim' ],
    'me' => [ 'Montenegro', 'Crna Gora', 'Црна Гора' ],
    'md' => [ 'Republic of Moldova',
      'Moldova',
      'Republica Moldova',
      'Moldávia',
      'República da Moldávia',
      'República da Moldova' ],
    'mc' => [ 'Monaco',
      'Principality of Monaco',
      'Principauté de Monaco',
      'Principato di Monaco',
      'Principat de Mónegue',
      'Principatu de Mùnegu',
      'Mónaco',
      'Principado do Mónaco',
      'Principado de Mônaco' ],
    'ma' => [ 'Morocco',
      'al-maġhrib',
      'Maroc',
      'Kingdom of Morocco',
      'al-mamlakah al-maghribiyah',
      'The Western Kingdom',
      'Royaume du Maroc',
      'tageldit n lmaɣrib',
      'Marrocos',
      'Amerruk',
      'Murakuc',
      'Reino de Marrocos' ],
    'ly' => [ 'Libya',
      'Lībiyā',
      'State of Libya',
      'Dawlat Lībiyā',
      'Líbia',
      'Estado da Líbia' ],
    'lv' => [ 'Latvia',
      'Latvija',
      'Lețmō',
      'Republic of Latvia',
      'Latvijas Republika',
      'Lețmō Vabāmō',
      'Letónia',
      'Letônia',
      'República da Letônia' ],
    'lu' => [ 'Luxembourg',
      'Lëtzebuerg',
      'Luxemburg',
      'Grand Duchy of Luxembourg',
      'Groussherzogtum Lëtzebuerg',
      'Grand-Duché de Luxembourg​',
      'Großherzogtum Luxemburg',
      'Luxemburgo',
      'Grão-Ducado do Luxemburgo',
      'Grão-Ducado de Luxemburgo' ],
    'lt' => [ 'Lithuania',
      'Lietuva',
      'Republic of Lithuania',
      'Lietuvos Respublika',
      'Lituânia',
      'República da Lituânia' ],
    'ls' => [ 'Lesotho',
      'Kingdom of Lesotho',
      'Muso oa Lesotho',
      'Lesoto',
      'Lessoto',
      'Reino do Lesoto',
      'Reino do Lessoto',
      'Bassutolândia' ],
    'lr' => [ 'Liberia',
      'Republic of Liberia',
      'Libéria',
      'República da Libéria' ],
    'lk' => [ 'Sri Lanka',
      'Srī Lankā prajātāntrika samājavādī janarajaya',
      'Ilaṅkai caṉanāyaka cōcalicak kuṭiyaracu',
      'Democratic Socialist Republic of Sri Lanka',
      'Śrī Laṃkā',
      'Ilaṅkai',
      'Sri Lanca',
      'Seri Lanca',
      'República Democrática Socialista do Sri Lanka',
      'Ceilão',
      'Taprobana' ],
    'li' => [ 'Liechtenstein',
      'Principality of Liechtenstein',
      'Fürstentum Liechtenstein',
      'Listenstaine',
      'Principado do Liechtenstein',
      'Principado de Liechtenstein' ],
    'lc' => [ 'Saint Lucia', 'Sainte-Lucie', 'Iyonola', 'Santa Lúcia' ],
    'lb' => [ 'Lebanon',
      'Lubnān',
      'Lebanese Republic',
      'al-Jumhūrīyah al-Lubnānīyah',
      'République libanaise',
      'Líbano',
      'Liban',
      'República do Líbano' ],
    'la' => [ 'Lao People\'s Democratic Republic',
      'Laos',
      'Lāo',
      'Saþalanalat Paxaþipatai Paxaxōn Lao',
      'République démocratique populaire lao' ],
    'kz' => [ 'Kazakhstan',
      'Republic of Kazakhstan',
      'Қазақстан Республикасы',
      'Qazaqstan Respýblıkasy',
      'Республика Казахстан',
      'Respublika Kazakhstan',
      'Cazaquistão',
      'Qazaqstan',
      'República do Cazaquistão' ],
    'ky' => [ 'Cayman Islands',
      'Ilhas Caimã',
      'Ilhas Cayman',
      'Ilhas Caimão' ],
    'kw' => [ 'Kuwait',
      'al-Kuwait',
      'State of Kuwait',
      'Dawlat al-Kuwait',
      'Estado do Kuwait' ],
    'kr' => [ 'Republic of Korea',
      'South Korea',
      'Hanguk',
      'Namhan',
      'Daehan Minguk',
      'Coreia do Sul',
      'República da Coreia' ],
    'kp' => [ 'Democratic People\'s Republic of Korea',
      'North Korea',
      'DPRK',
      'DPR Korea',
      'Chosŏn Minjujuŭi Inmin Konghwaguk',
      'Chosŏn',
      'Pukchosŏn',
      'Coreia do Norte',
      'República Popular Democrática da Coreia' ],
    'kn' => [ 'Saint Kitts and Nevis',
      'Federation of Saint Christopher and Nevis',
      'São Cristóvão e Névis',
      'São Cristóvão e Neves',
      'Federação de São Cristóvão e Neves',
      'Federação de São Cristóvão e Névis',
      'Saint Kitts',
      'Nevis' ],
    'km' => [ 'Comoros',
      'Union of the Comoros',
      'Udzima wa Komori',
      'Union des Comores',
      'Umoja wa Komori',
      'al-Ittiḥād al-Qumurī',
      'al-Ittiḥād al-Qamarī',
      'Comores',
      'União das Comores',
      'União de Comores' ],
    'ki' => [ 'Kiribati',
      'Republic of Kiribati',
      'Ribaberiki Kiribati',
      'Quiribáti',
      'Quiribati',
      'República de Kiribati',
      'República de Quiribati',
      'República de Quiribáti' ],
    'kh' => [ 'Cambodia',
      'Kampuchea',
      'Cambodge',
      'Kingdom of Cambodia',
      'Royaume du Cambodge',
      'Camboja',
      'Cambodja',
      'Reino do Camboja' ],
    'kg' => [ 'Kyrgyzstan',
      'Kyrgyz Republic',
      'Кыргыз Республикасы',
      'Kırğız Respublikası',
      'Кыргызская Республика',
      'Kyrgyzskaya Respublika',
      'Kirghizia',
      'Киргизия',
      'Quirguistão',
      'Quirguizistão',
      'Quirguízia',
      'República Quirguiz',
      'República do Quirguistão',
      'República do Quirguizistão' ],
    'ke' => [ 'Kenya',
      'Republic of Kenya',
      'Jamhuri ya Kenya',
      'Quénia',
      'Quênia',
      'República do Quénia',
      'República do Quênia' ],
    'jp' => [ 'Japan',
      'Nippon',
      'Nihon',
      'Nippon-koku',
      'Nihon-koku',
      'Japão',
      'Estado do Japão' ],
    'jo' => [ 'Jordan',
      'Hashemite Kingdom of Jordan',
      'Kingdom of Jordan',
      'Al-ʾUrdunn',
      'Al-Mamlakah al-’Urdunniyyah Al-Hāshimiyyah',
      'Jordânia',
      'Reino Haxemita da Jordânia',
      'Reino da Jordânia' ],
    'jm' => [ 'Jamaica', 'Jumieka' ],
    'je' => [ 'Jersey',
      'Bailiwick of Jersey',
      'Bailliage de Jersey',
      'Bailliage dé Jèrri',
      'Jérsei',
      'Jérsia',
      'Bailiado de Jersey' ],
    'it' => [ 'Italy',
      'Italia',
      'Italian Republic',
      'Repubblica Italiana',
      'Itália',
      'República Italiana' ],
    'is' => [ 'Iceland', 'Ísland', 'Islândia' ],
    'ir' => [ 'Islamic Republic of Iran',
      'Persia',
      'Jomhuri-ye Eslāmi-ye Irān',
      'Irão',
      'Irã',
      'República Islâmica do Irã',
      'República Islâmica do Irão',
      'Pérsia' ],
    'iq' => [ 'Iraq',
      'Êraq',
      'Republic of Iraq',
      'Komarî Êraq',
      'Iraque',
      'República do Iraque',
      'Al-Jumhuriyah Al-Iraqiyah' ],
    'io' => [ 'British Indian Ocean Territory',
      'BIOT',
      'TBOI',
      'Território Britânico do Oceano Índico',
      'British Indian Ocean',
      'British Indian Territory',
      'Território Britânico do Índico',
      'Território Britânico do Oceano' ] },
  'en_comment' => Map {
    'offense' => [ 'buttheads',
      'fools',
      'muthafuckin',
      'sucker',
      'motherfuckin',
      'slutty',
      'homophobes',
      'bullcrap',
      'horny',
      'schlong',
      'psychos',
      'muthafucka',
      'crackpots',
      'whacko',
      'dufus',
      'butthead',
      'dork',
      'dicks',
      'hypocrite',
      'nutballs',
      'whiners',
      'numbnuts',
      'ahole',
      'sickos',
      'assclowns',
      'niggas',
      'homo',
      'bigots',
      'pussies',
      'wackos',
      'motherfucking',
      'nutbags',
      'pricks',
      'whackjobs',
      'fucks',
      'nutjob',
      'nutcases',
      'hookers',
      'dunderheads',
      'fatass',
      'crybabies',
      'nutjobs',
      'tards',
      'retards',
      'ignoramuses',
      'boneheads',
      'numbskulls',
      'butts',
      'halfwits',
      'horseshit',
      'bollocks',
      'crappy',
      'twats',
      'shite',
      'arseholes',
      'dimwits',
      'shitty',
      'fuckwits',
      'hypocrits',
      'brainless',
      'nitwits',
      'tossers',
      'homos',
      'imbeciles',
      'whores',
      'cretins',
      'fags',
      'cocks',
      'hypocrit',
      'douchebags',
      'fucktards',
      'scum',
      'dirtbag',
      'asses',
      'faggots',
      'sluts',
      'skank',
      'cocksuckers',
      'motherfuckers',
      'bitches',
      'scumbags',
      'fuckers',
      'jerks',
      'wankers',
      'butt',
      'retarded',
      'asshats',
      'bastards',
      'dickheads',
      'shitheads',
      'dipshits',
      'morons',
      'biatch',
      'arse',
      'cunts',
      'jackasses',
      'idiotic',
      'assholes',
      'retard',
      'moronic',
      ... 48 more items ],
    'racist' => [ 'islamicists',
      'islamists',
      'jihadist',
      'radicalisation',
      'radicalization',
      'nazis',
      'subservience',
      'nazi',
      'fascists',
      'stalinism',
      'islamofacists',
      'islamo',
      'totalitarianism',
      'bolshevism',
      'jihadis',
      'naziism',
      'fascist',
      'fascism',
      'jihadists',
      'neocons',
      'nazism',
      'islamism',
      'islamofascism',
      'jihadism',
      'radical',
      'islamofascists',
      'zionism',
      'subjugation',
      'enslaved',
      'extremists',
      'slaves',
      'zionist',
      'islamofascist',
      'semitic',
      'zionists',
      'slave',
      'enslavement',
      'radicalism',
      'extremist',
      'oppression',
      'slavery',
      'ethnocentricity',
      'semites',
      'supremacism',
      'americanism',
      'islamaphobic',
      'islamophobes',
      'extremism',
      'islamaphobia',
      'islamophobe',
      'semitism',
      'racisim',
      'nationalistic',
      'supremacists',
      'antisemite',
      'racialism',
      'eurocentric',
      'ethnical',
      'colonialism',
      'colonialist',
      'semite',
      'heterosexist',
      'ethnocentrism',
      'ethnicity',
      'ethnocentric',
      'islamophobia',
      'supremacist',
      'antisemitic',
      'homophobe',
      'xenophobia',
      'racially',
      'ethnic',
      'xenophobic',
      'homophobia',
      'racialist',
      'homophobic',
      'racial',
      'racism',
      'racists',
      'darkies',
      'niggaz',
      'negroes',
      'racist',
      'niggas',
      'rascist',
      'negro',
      'niggers',
      'nigga',
      'Nigger' ] },
  'en_modal_verbs' => Map {
    'have to' => [ 'can',
      'could',
      'might',
      'would',
      'pretending',
      'wanna',
      'ought',
      'wish',
      'pretend',
      'will',
      'want',
      'must',
      'have to' ] },
  'en_form_of_address' => Map {
    'mr.' => [ 'Mister', 'Mr', 'male', 'man', 'Sir', 'Mr.' ],
    'mrs.' => [ 'Mrs.', 'Ms', 'Miss', 'Mrs', 'woman', 'female', 'lady', 'Ms.' ],
    'form of address' => [ 'form of address' ] },
  'en_music' => Map {
    'music' => [ 'music',
      'singer',
      'singers',
      'singing',
      'song',
      'melody',
      'melodies',
      'rock-music',
      'classic',
      'rock',
      'pop',
      'pop-music',
      'rockmusic',
      'Ragtime',
      'Hardrock',
      'Heavy Metal',
      'Instrumental',
      'Soul',
      'Jazz',
      'Swing',
      'Tango',
      'Mozart',
      'Beethoven',
      'classical music',
      'Blues',
      'Gospel',
      'Funk',
      'Piano',
      'Pianos',
      'Guitar',
      'Guitars',
      'Drums',
      'Bass',
      'saxophone',
      'Reggae',
      'Choir',
      'Cha-Cha-Cha',
      'Lambada',
      'Mambo',
      'Hip-Hop',
      'Hip Hop',
      'Hiphop',
      'Salsa',
      'Beat',
      'Disco',
      'Rap',
      'Rapper',
      'Bluesrock',
      'Bachata',
      'Reggeaton',
      'Folklore',
      'Hits',
      'Charts',
      'Hit Charts',
      'Country',
      'Punk',
      'Rave',
      'Folk',
      'songs',
      'musics' ] },
  'en_pronouns' => Map {
    'i' => [ 'Imma', 'Im', 'our', 'myself', 'me', 'ourselves', 'us', 'we', 'I' ],
    'you' => [ 'ur',
      'youre',
      'your',
      'yal',
      'thou',
      'thee',
      'yall',
      'yourself',
      'ya',
      'u',
      'you' ] },
  'en_price' => Map {
    'pricelist' => [ 'base price',
      'pays',
      'afford',
      'payable',
      'paid',
      'paying',
      'pay',
      'rate',
      'payment',
      'payments',
      'rates',
      'expenditure',
      'priced',
      'expenditures',
      'costing',
      'charges',
      'expenses',
      'fees',
      'charge',
      'fee',
      'expense',
      'costs',
      'pricing',
      'cost',
      'prices',
      'lists of prices',
      'lists with prices',
      'pricelists',
      'pricelist',
      'price-list',
      'list of prices',
      'list with prices',
      'price list' ] },
  'en_games' => Map {
    'game' => [ 'game',
      'games',
      'play',
      'plays',
      'gamble',
      'gambles',
      'Computerspiel',
      'computer games',
      'gaming',
      'playing',
      'role plays',
      'role play' ] },
  'sys-number' => Map {},
  'en_cancel' => Map {
    'stop' => [ 'stop',
      'exit',
      'cancel',
      'abolish',
      'interrupt',
      'quit',
      'cease',
      'abort' ],
    'cancel' => [ 'cancel',
      'stop',
      'abolish',
      'interrupt',
      'exit',
      'quit',
      'cease',
      'abort' ] },
  'en_world_regions' => Map {
    'america' => [ 'América do Sul',
      'América do Norte',
      'Américas',
      'continente Americano',
      'América' ],
    'oceania' => [ 'continente australiano', 'Oceania' ],
    'africa' => [ 'continente Africano', 'África' ],
    'antartida' => [ 'Antártida' ],
    'world' => [ 'planeta', 'Globo', 'Mundo' ],
    'europa' => [ 'comunidade europeia', 'continente Europeu', 'Europa' ],
    'asia' => [ 'continente asiático', 'Ásia' ] },
  'en_feature' => Map {
    'date' => [ 'day', 'datums', 'datum', 'date' ],
    'time' => [ 'hours', 'hour', 'time', 'time of day' ] },
  'en_chitchat' => Map {
    'game' => [ 'role play',
      'role plays',
      'playing',
      'gaming',
      'computer games',
      'Computerspiel',
      'gambles',
      'gamble',
      'plays',
      'play',
      'games',
      'game' ],
    'music' => [ 'Folk',
      'Rave',
      'Punk',
      'Country',
      'Hit Charts',
      'Charts',
      'Hits',
      'Folklore',
      'Reggeaton',
      'Bachata',
      'Bluesrock',
      'Rapper',
      'Rap',
      'Disco',
      'Beat',
      'Salsa',
      'Hiphop',
      'Hip Hop',
      'Hip-Hop',
      'Mambo',
      'Lambada',
      'Cha-Cha-Cha',
      'Choir',
      'Reggae',
      'Bass',
      'Drums',
      'Guitars',
      'Pianos',
      'Funk',
      'Gospel',
      'Blues',
      'classical music',
      'Beethoven',
      'Mozart',
      'Tango',
      'Swing',
      'Soul',
      'Instrumental',
      'Heavy Metal',
      'Hardrock',
      'Ragtime',
      'rockmusic',
      'pop-music',
      'pop',
      'rock',
      'classic',
      'rock-music',
      'drummers',
      'drum',
      'saxaphone',
      'saxophones',
      'violoncello',
      'trumpet',
      'banjo',
      'harmonica',
      'cello',
      'tenor',
      'violinists',
      'flutist',
      'guitarists',
      'keyboardist',
      'trumpeter',
      'drummer',
      'guitar',
      'trombonist',
      'saxophonists',
      'percussionist',
      'guitarist',
      'sax',
      'violin',
      'vocalist',
      'saxophonist',
      'violinist',
      'saxophone',
      'vocalists',
      'singer',
      'piano',
      'pianist',
      'singers',
      'singing',
      'melody',
      'musical',
      'concerts',
      'musician',
      'melodies',
      'song',
      'concert',
      'jazz',
      'musics',
      'tunes',
      'songs',
      'musicians',
      'music' ],
    'joke' => [ 'humorist',
      'comical',
      'humourous',
      'comedic',
      'comedian',
      'entertaining',
      'humorous',
      'amusing',
      'comedy',
      'humor',
      'prank',
      'humour',
      'pranks',
      'jokes',
      'joking',
      'joke' ],
    'weather' => [ 'tornadic',
      'windy',
      'winter',
      'inundations',
      'snowdrifts',
      'hailstorm',
      'thundershowers',
      'flood',
      'cyclone',
      'typhoon',
      'tornado',
      'tornados',
      'climatological',
      'mudslides',
      'droughts',
      'hailstorms',
      'tornadoes',
      'hurricane',
      'thunderstorms',
      'floods',
      'blizzard',
      'hurricanes',
      'climatic',
      'winds',
      'windstorms',
      'snowy',
      'snowing',
      'thunderstorm',
      'storm',
      'flurries',
      'monsoons',
      'torrential',
      'storms',
      'raining',
      'blizzards',
      'snowstorms',
      'snow',
      'rainstorm',
      'snows',
      'snowmelt',
      'rainy',
      'rainstorms',
      'snowfalls',
      'snowstorm',
      'downpour',
      'rain',
      'tempertures',
      'climate',
      'rainfalls',
      'snowfall',
      'humidities',
      'rains',
      'rainfall',
      'dewpoints',
      'forecasting',
      'forcast',
      'forecasts',
      'temprature',
      'forecast',
      'temp',
      'temperatures',
      'temperature',
      'weather' ],
    'lotr' => [ 'Sméagol',
      'Meriadoc',
      'Pregrin',
      'Shelob',
      'Faramir',
      'Boromir',
      'Éowyn',
      'Balrog',
      'Saruman',
      'Sanwise',
      'Bilbo',
      'Baggins',
      'Frodo',
      'Elrond',
      'Nazgûl',
      'Arwen',
      'Gandalf',
      'Gimli',
      'Legolas',
      'Aragorn',
      'Galadriel',
      'Sauron',
      'Gollum' ],
    'movie' => [ 'cinematography',
      'filmmaking',
      'DVD',
      'cinematographer',
      'theatres',
      'theaters',
      'cinemas',
      'theatre',
      'theater',
      'cinematographic',
      'cinéma',
      'cinematic',
      'screenplay',
      'cinema',
      'movies',
      'films',
      'film',
      'movie' ] },
  'en_variation' => Map {
    'color' => [ 'color', 'colour', 'colors', 'colours' ],
    'favorite' => [ 'favourite',
      'favorite',
      'favourites',
      'favorites',
      'preferred',
      'beloved' ],
    'photo' => [ 'photo', 'picture', 'image', 'photos', 'pictures', 'images' ],
    'summarize' => [ 'succintly',
      'concisely',
      'summed',
      'succinctly',
      'succinct',
      'concise',
      'synopsis',
      'summaries',
      'summarised',
      'summarizes',
      'summary',
      'summarising',
      'summarized',
      'summarizing',
      'summarise',
      'summerization',
      'summerize' ] },
  'en_number' => Map {
    'five' => [ '5', 'five', 'Fifth' ],
    'one' => [ '1', 'one', 'First' ],
    'six' => [ '6', 'six', 'Sixth' ],
    'nine' => [ '9', 'nine', 'Ninth' ],
    'ten' => [ '10', 'ten', 'Tenth' ],
    'eight' => [ '8', 'eight', 'Eighth' ],
    'four' => [ '4', 'four', 'Fourth' ],
    'seven' => [ '7', 'seven', 'Seventh' ],
    'three' => [ '3', 'three', 'Third' ],
    'two' => [ '2', 'two', 'Second' ] },
  'en_contact_info' => Map {
    'email' => [ '(?:[a-z0-9!#$%&\'*+=?^_`{|}~-]+(?:\\.[a-z0-9!#$%&\'*+=?^_`{|}~-]+)*|"(?:[\\x01-\\x08\\x0b\\x0c\\x0e-\\x1f\\x21\\x23-\\x5b\\x5d-\\x7f]|\\\\[\\x01-\\x09\\x0b\\x0c\\x0e-\\x7f])*")@(?:(?:[a-z0-9](?:[a-z0-9-]*[a-z0-9])?\\.)+[a-z0-9](?:[a-z0-9-]*[a-z0-9])?|\\[(?:(?:25[0-5]|2[0-4][0-9]|[01]?[0-9][0-9]?)\\.){3}(?:25[0-5]|2[0-4][0-9]|[01]?[0-9][0-9]?|[a-z0-9-]*[a-z0-9]:(?:[\\x01-\\x08\\x0b\\x0c\\x0e-\\x1f\\x21-\\x5a\\x53-\\x7f]|\\\\[\\x01-\\x09\\x0b\\x0c\\x0e-\\x7f])+)\\])' ],
    'phone' => [ '(\\d{9})', '(\\d{10})', '(\\d{11})', '(\\d{12})', '(\\d{13})' ],
    'postal-code' => [ '(\\d{4})' ] },
  'en_geography' => Map {
    'town' => [ 'Sevilla',
      'Weilburg',
      'Feuchtwangen',
      'Lengenfeld',
      'Lviv',
      'Weil Am Rhein',
      'Felsberg',
      'Lemgo',
      'Chifeng',
      'Aguascalientes',
      'Weiden',
      'Weiden In Der Oberpfalz',
      'Leisnig',
      'Zaragoza',
      'Voronezh',
      'Wassenberg',
      'Lebach',
      'Kaduna',
      'Louisville',
      'Liverpool',
      'Zhenjiang',
      'Falkenberg',
      'Bristol',
      'Rotterdam',
      'Lauenburg',
      'Oslo',
      'Ufa',
      'Salt Lake City',
      'João Pessoa',
      'Yiwu',
      'Nashville',
      'Ryazan',
      'Prague',
      'Waldenbuch',
      'Enger',
      'Langenau',
      'Baoding',
      'Tyumen',
      'Milan',
      'Waldeck',
      'Engen',
      'Langen',
      'Tiruchirappalli',
      'Rosenthal',
      'Bad Lauchstädt',
      'Merkendorf',
      'Ankara',
      'Kemerovo',
      'Voerde',
      'Ellrich',
      'Kuppenheim',
      'Kusel',
      'Kota',
      'Mandalay',
      'Natal',
      'Urfa',
      'Şanlıurfa',
      'Sanliurfa',
      'Walsall',
      'Veringenstadt',
      'Ehrenfriedersdorf',
      'Krempe',
      'Konya',
      'Providence',
      'Saint-Étienne',
      'Saint-Etienne',
      'Velbert',
      'Eberswalde',
      'Korschenbroich',
      'Köthen',
      'Tai’an',
      'Bad Buchau',
      'Maltepe',
      'Split',
      'Vechta',
      'Ebersberg',
      'Kornwestheim',
      'Samsun',
      'Ulmen',
      'Königsbrück',
      'Huambo',
      'Uffenheim',
      'Drebkau',
      'Kölleda',
      'Kamensk-Uralskiy',
      'Uhingen',
      'Dreieich',
      'Stoke-On-Trent',
      'Kütahya',
      'Kutahya',
      'Donzdorf',
      'Van',
      'Trostberg',
      'Donauwörth',
      'Kitzingen',
      'Kitzscher',
      'Treuenbrietzen',
      'Kirchberg An Der Jagst',
      'Nice',
      'Kelkheim',
      ... 2284 more items ],
    'country' => [ 'Gambia',
      'Gabon',
      'France',
      'Finland',
      'Fiji',
      'Ethiopia',
      'Estonia',
      'Eritrea',
      'Equatorial Guinea',
      'El Salvador',
      'Egypt',
      'Ecuador',
      'Dominican Republic',
      'Dominica',
      'Djibouti',
      'Denmark',
      'Democratic Republic of the Congo',
      'Czechia',
      'Cyprus',
      'Cuba',
      'Croatia',
      'Costa Rica',
      'Congo-Brazzaville',
      'Congo',
      'Comoros',
      'Colombia',
      'China',
      'Chile',
      'Chad',
      'Central African Republic',
      'Canada',
      'Cameroon',
      'Cambodia',
      'Cabo Verde',
      'Côte d\'Ivoire',
      'Burundi',
      'Burkina Faso',
      'Bulgaria',
      'Brunei',
      'Brazil',
      'Botswana',
      'Bosnia and Herzegovina',
      'Bolivia',
      'Bhutan',
      'Benin',
      'Belize',
      'Belgium',
      'Belarus',
      'Barbados',
      'Bangladesh',
      'Bahrain',
      'Bahamas',
      'Azerbaijan',
      'Austria',
      'Australia',
      'Armenia',
      'Argentina',
      'Antigua and Barbuda',
      'Angola',
      'Andorra',
      'Algeria',
      'Albania',
      'Afghanistan',
      'Japan',
      'Luxembourg',
      'Kongo',
      'Abkhazia',
      'Gabun',
      'Djibout',
      'Commonwealth of Dominica',
      'Greenland',
      'State of Eritrea',
      'Republic of El Salvado',
      'People\'s Republic of China',
      'Suomi',
      'Viti',
      'Færøerne',
      'Føroyar',
      'Falkland Islands',
      'Ityop\'ia',
      'Eswatini',
      'Eesti',
      'Ertra',
      'Iritriya',
      'Guinea Ecuatorial',
      'Masr',
      'Misr',
      'Timor Lorosa\'e',
      'República Dominicana',
      'Jībūtī',
      'Danmark',
      'Česko',
      'Česká republika',
      'Kıbrıs',
      'Kypros',
      'Kòrsou',
      'Curaçao',
      'Hrvatska',
      'Ivory Coast',
      'Cook Islands',
      ... 181 more items ],
    'languages' => [ 'Swedish',
      'Sylhetti',
      'Tagalog',
      'Taiwanese',
      'Tajik',
      'Tamil',
      'Telugu',
      'Thai',
      'Tibetan',
      'Tigrinya',
      'Toishanese',
      'Tongan',
      'Toucouleur',
      'Trique',
      'Tshiluba',
      'Turkish',
      'Urdu',
      'Uyghur',
      'Uzbek',
      'Vietnamese',
      'Visayan',
      'Welsh',
      'Wolof',
      'Yiddish',
      'Yoruba',
      'Yupik',
      'English',
      'Acholi',
      'Afrikaans',
      'Albanian',
      'Amharic',
      'Arabic',
      'Ashante',
      'Assyrian',
      'Azerbaijani',
      'Azeri',
      'Bajuni',
      'Basque',
      'Behdini',
      'Belorussian',
      'Bengali',
      'Berber',
      'Bosnian',
      'Bravanese',
      'Bulgarian',
      'Burmese',
      'Cakchiquel',
      'Cambodian',
      'Cantonese',
      'Catalan',
      'Chaldean',
      'Chamorro',
      'Chao-Chow',
      'Chavacano',
      'Chuukese',
      'Croatian',
      'Czech',
      'Danish',
      'Dari',
      'Dinka',
      'Diula',
      'Dutch',
      'Estonian',
      'Espanol',
      'Fante',
      'Farsi',
      'Finnish',
      'Flemish',
      'French',
      'Fukienese',
      'Fula',
      'Fulani',
      'Fuzhou',
      'Gaddang',
      'Gaelic',
      'Gaelic-Irish',
      'Gaelic-Scottish',
      'Georgian',
      'Newark',
      'Gorani',
      'Greek',
      'Gujarati',
      'Haitian Creole',
      'Hakka',
      'Hakka-Chinese',
      'Hausa',
      'Hebrew',
      'Hindi',
      'Hmong',
      'Hungarian',
      'Ibanag',
      'Icelandic',
      'Igbo',
      'Ilocano',
      'Indonesian',
      'Inuktitut',
      'Italian',
      'Jakartanese',
      'Japanese',
      'Javanese',
      ... 89 more items ] },
  'en_emoticons' => Map {
    'negative_emoticon' => [ '(',
      '%)',
      '% -)',
      ';(',
      ':-((',
      ':(((',
      ':((',
      ':(',
      ': |',
      ': {',
      ': c',
      ': \\',
      '(-_-)',
      ': [',
      ': X',
      ': S',
      ': L',
      ': @',
      ': <',
      ': /',
      ': -c',
      ': -X',
      ':-(',
      '-_-',
      ':-[',
      ':-?',
      ': -.',
      ': - ||',
      ': - |',
      ': - [',
      ': - <',
      ': - /',
      ': - &',
      ': - #',
      ': (',
      ': &',
      ': $',
      '(._.)',
      '(= _ =)',
      '(> _ <)',
      '(> _ <)>',
      '(? _?)',
      ': "- (',
      '(_ _) !!',
      '(~ _ ~)',
      '3:)',
      ': "(',
      ': #',
      '\',: - |',
      '(- "-)',
      '(-.-)',
      '<: - |',
      '> :(',
      '> :)',
      '>: /',
      '>: [',
      '>: \\',
      '>;)',
      'D =',
      'D-:',
      'D8',
      'D:',
      'D: <',
      'D;',
      'DX',
      '| -O',
      '} :)',
      '\',: - l' ],
    'positive_emoticon' => [ '(* _ *',
      ')',
      '(@ _ @',
      ':b',
      ':->',
      ':-*',
      ':-]',
      '^. ^',
      '^_^',
      ':>',
      'x)',
      'x-D',
      'xD',
      '| ;-)',
      '|-)',
      ':-)))',
      ':-))',
      '(# ^. ^ #)',
      '(* ^ _ ^ *)',
      '(* ^. ^ *)',
      '(* _ *)',
      '(* _ *;',
      '(+ _ +)',
      '(@ _ @)',
      '(@ _ @;)',
      '(O)',
      ':)))',
      ':))',
      ':)',
      ': c)',
      ': b',
      ': ^)',
      ': P',
      ': D',
      ': -}',
      ': -b',
      ': -]',
      ': ->',
      ': -,',
      ': \'-)',
      ': \')',
      '8D',
      '8-D',
      '8-)',
      '8)',
      '0^)',
      '0; ^)',
      '(^ _ ^) /',
      '(^ _ ^.)',
      '(^ o ^)',
      '(^ · ^)',
      '(^ Â· ^)',
      '(^.^)',
      '(^^)',
      '(^^) /',
      '(^_^)',
      '* -)',
      '*)',
      '0 :)',
      '0 :-)',
      '0: -3',
      '(^ - ^)',
      '(^ <^) (^. ^)',
      '(^ O ^) /',
      '(^ J ^)',
      '(^ ^)',
      ':3',
      ':-P',
      '::-)',
      ':-D',
      ':-3',
      ':--)',
      ':D',
      ':O)',
      ':]',
      ':v',
      ':}',
      '; -]',
      '; ^)',
      ';)',
      ';-)',
      ';]',
      '<3',
      '<^! ^>',
      '> ^ _ ^ <',
      '>: P',
      'B ^ D',
      'LOL',
      'O:)',
      'O:-)',
      'X-P',
      'XP',
      '^ / ^',
      '^ _ ^',
      ':-)' ] },
  'en_yes_no' => Map {
    'yes' => [ 'follow', 'select', 'afirmative', 'yes' ],
    'no' => [ 'no', 'dont\'t follow', 'negative' ] },
  'en_offense' => Map {
    'anal' => [ 'anal',
      'anus',
      'arse',
      'ass',
      'ballsack',
      'balls',
      'bastard',
      'bitch',
      'biatch',
      'bloody',
      'blowjob',
      'blow job',
      'bollock',
      'bollok',
      'boner',
      'boob',
      'bugger',
      'bum',
      'butt',
      'buttplug',
      'clitoris',
      'cock',
      'coon',
      'crap',
      'cunt',
      'damn',
      'dick',
      'dildo',
      'dyke',
      'fag',
      'feck',
      'fellate',
      'fellatio',
      'felching',
      'fuck',
      'f u c k',
      'fudgepacker',
      'fudge packer',
      'flange',
      'Goddamn',
      'God damn',
      'hell',
      'homo',
      'jerk',
      'jizz',
      'knobend',
      'knob end',
      'labia',
      'lmao',
      'lmfao',
      'muff',
      'nigger',
      'nigga',
      'omg',
      'penis',
      'piss',
      'poop',
      'prick',
      'pube',
      'pussy',
      'queer',
      'scrotum',
      'sex',
      'shit',
      's hit',
      'sh1t',
      'slut',
      'smegma',
      'spunk',
      'tit',
      'tosser',
      'turd',
      'twat',
      'vagina',
      'wank',
      'whore',
      'wtf' ] },
  'en_racist' => Map {
    'racist' => [ 'racist',
      'Adolf Hitler',
      'Hitler',
      'nazi',
      'racists',
      'bigot',
      'bigots' ] },
  'en_myth' => Map {
    'hand dryer' => [ 'hand dryer', 'hand dryers' ],
    'pneumonia vaccine' => [ 'pneumonia vaccine', 'pneumonia vaccines' ],
    'air conditioning' => [ 'air conditioner', 'air conditioning', 'AC', 'A/C', 'air con' ],
    '5g' => [ '5G' ],
    'thermal scanner' => [ 'thermal scanner', 'thermal scanners' ],
    'garlic' => [ 'garlic', 'garlics' ],
    'antibiotics' => [ 'antibiotics', 'antibiotic' ],
    'saline' => [ 'saline', 'saline solution' ],
    'uv lamp' => [ 'uv lamps',
      'ultraviolet disinfection lamp',
      'ultraviolet disinfection lamps',
      'ultraviolet lamp',
      'ultraviolet lamps' ],
    'sesame oil' => [ 'sesame oil', 'sesame' ] },
  'en_message' => Map {
    'message' => [ 'message', 'description', 'remark', 'comment', 'note' ] },
  'en_teach' => Map {
    'teach' => [ 'tutoring',
      'coached',
      'trainings',
      'learned',
      'training',
      'lesson',
      'trainers',
      'learnt',
      'learning',
      'coaching',
      'trainer',
      'taught',
      'learn',
      'coaches',
      'teaching',
      'coach',
      'teach' ] },
  'en_social_media' => Map {
    'linkedin' => [ 'linkd in', 'linkdin', 'linkedin', 'linked in' ],
    'instagram' => [ 'ig', 'insta', 'insta gram', 'instragram' ],
    'facebook' => [ 'facebook', 'face book' ],
    'social media' => [ 'socialmedia', 'social plattform', 'social media' ] },
  'en_covid' => Map {
    'visors' => [ 'visors' ],
    'covid' => [ 'COVID',
      'COVID-19',
      'SARS-CoV-2',
      'novel coronavirus',
      'new coronavirus',
      '2019-nCoV',
      'the virus',
      'the disease',
      'covid19',
      '2019ncov',
      'covid2019',
      'covid-2019',
      '19-ncov',
      '19ncov',
      'SARSCoV2',
      'SARS-CoV2',
      'SARSCoV-2' ],
    'prevention' => [ 'prevention', 'prevent', 'protection', 'protect' ],
    'influenza' => [ 'influenza', 'flu', 'grippe' ],
    'spread' => [ 'spread',
      'transmitted',
      'transmission',
      'spreading',
      'catching',
      'catch',
      'infect',
      'infection',
      'infected' ] },
  'en_website' => Map {
    'website' => [ 'page',
      'web sites',
      'web site',
      'web pages',
      'web page',
      'links',
      'link',
      'webpages',
      'homepage',
      'webpage',
      'websites',
      'sites',
      'site',
      'website' ] },
  'en_contact' => Map {
    'phone' => [ 'smartphones',
      'cellphones',
      'telephones',
      'mobile',
      'cellphone',
      'telephone',
      'phones',
      'mobile phone',
      'phone' ],
    'e-mail' => [ 'mail address',
      'email address',
      'mail',
      'e mail',
      'emails',
      'email',
      'e-mail-address',
      'e-mail address',
      'e-mail' ],
    'contact' => [ 'contact information',
      'contact details',
      'contacts',
      'contact' ],
    'address' => [ 'location', 'company address', 'addresses', 'address' ] },
  'en_media' => Map {
    'photo' => [ 'sketches',
      'drawings',
      'draws',
      'pix',
      'pic',
      'shot',
      'artwork',
      'shots',
      'illustration',
      'galleries',
      'pics',
      'photographs',
      'img',
      'gallery',
      'photography',
      'drawing',
      'photos',
      'photograph',
      'pictures',
      'images',
      'image',
      'draw',
      'picture',
      'photo' ],
    'datasheet' => [ 'datasheet',
      'data-sheet',
      'spec sheet',
      'product sheet',
      'product datasheet' ],
    'video' => [ 'trailers',
      'trailer',
      'footages',
      'vids',
      'clips',
      'movies',
      'clip',
      'footage',
      'videos',
      'films',
      'movie',
      'film',
      'video' ] },
  'en_sex' => Map {
    'sex' => [ 'sex',
      'sexual',
      'virginity',
      'virgin',
      'pornography',
      'ass',
      'blow job',
      'bonk',
      'buggery',
      'anal',
      'carnal',
      'climax',
      'orgasm',
      'coitus',
      'cottaging',
      'cybersex',
      'ejaculation',
      'ejaculating',
      'ejaculate',
      'fuck',
      'gang bang',
      'hanky-panky',
      'intercourse',
      'ménage à trois',
      'nookie',
      'one-night stand',
      'oral sex',
      'penetration',
      'sodomy',
      'threesome',
      'tits',
      'penis',
      'prick',
      'cock',
      'wang',
      'weenie',
      'whang',
      'cunt',
      'pussy',
      'pussies',
      'vagina' ] },
  'en_name' => Map {
    'surname' => [ 'surname',
      'family name',
      'last name',
      'lastname',
      'last-name',
      'family-name' ],
    'firstname' => [ 'given name',
      'christian name',
      'forename',
      'first-name',
      'first name',
      'firstname',
      'name' ] },
  'en_religion' => Map {
    'church' => [ 'judaism',
      'presbytery',
      'parishoner',
      'rabbis',
      'imam',
      'preaching',
      'calvinistic',
      'calvinism',
      'mormons',
      'christology',
      'theologies',
      'churches',
      'islamist',
      'islam',
      'lutheran',
      'islamists',
      'presbyterian',
      'imams',
      'moslem',
      'islamic',
      'theologian',
      'gospel',
      'theological',
      'lutherans',
      'presbyters',
      'muslim',
      'moslems',
      'calvinist',
      'lutheranism',
      'presbyterianism',
      'pentecostalism',
      'shepherd',
      'presbyterians',
      'pasteur',
      'baptist',
      'baptists',
      'ecclesiastics',
      'pentecostals',
      'calvinists',
      'muslims',
      'evangelicalism',
      'theologians',
      'churchgoers',
      'priestly',
      'pentecostal',
      'theology',
      'evangelicals',
      'torah',
      'clerical',
      'chaplain',
      'nun',
      'bibles',
      'evangelists',
      'christianity',
      'archdioceses',
      'bible',
      'orthodoxy',
      'anglicanism',
      'archdiocesan',
      'churchmen',
      'biblical',
      'archbishopric',
      'christian',
      'protestantism',
      'protestants',
      'christians',
      'parishoners',
      'congregants',
      'orthodox',
      'protestant',
      'episcopalians',
      'catholicism',
      'anglicans',
      'evangelical',
      'clergies',
      'preachers',
      'parochial',
      'anglican',
      'episcopalian',
      'catholic',
      'archbishops',
      'cleric',
      'catholics',
      'episcopal',
      'clerics',
      'nuns',
      'priesthood',
      'bishops',
      'archbishop',
      'priest',
      'ecclesiastical',
      'diocesan',
      'clergymen',
      'clergyman',
      'religion',
      'bishop',
      'vicar',
      'dioceses',
      'priests',
      'religions',
      ... 17 more items ] } }
